app/page.tsx(5,28): error TS2307: Cannot find module '@/components/ui/optimized-image' or its corresponding type declarations.
app/page.tsx(8,24): error TS2307: Cannot find module '@/components/ui/button' or its corresponding type declarations.
app/page.tsx(9,75): error TS2307: Cannot find module '@/components/ui/card' or its corresponding type declarations.
app/page.tsx(10,23): error TS2307: Cannot find module '@/components/ui/badge' or its corresponding type declarations.
app/page.tsx(11,27): error TS2307: Cannot find module '@/components/ui/separator' or its corresponding type declarations.
app/page.tsx(13,114): error TS2307: Cannot find module '@/store/features/destinations/destinationsApi' or its corresponding type declarations.
app/page.tsx(14,32): error TS2307: Cannot find module '@/store/hooks' or its corresponding type declarations.
app/page.tsx(15,39): error TS2307: Cannot find module '@/store/features/auth/authSlice' or its corresponding type declarations.
app/page.tsx(16,26): error TS2307: Cannot find module '@/components/ui/use-toast' or its corresponding type declarations.
node_modules/next/dist/client/image-component.d.ts(1,8): error TS1259: Module '"C:/Users/Mega Store/OneDrive/Documents/GitHub/Kemet_Frontend/node_modules/@types/react/index"' can only be default-imported using the 'esModuleInterop' flag
node_modules/next/dist/client/link.d.ts(2,8): error TS1259: Module '"C:/Users/Mega Store/OneDrive/Documents/GitHub/Kemet_Frontend/node_modules/@types/react/index"' can only be default-imported using the 'esModuleInterop' flag
